// Jest Snapshot v1, https://goo.gl/fbAQLP

exports[`<Item/> snapshot 1`] = `
<ItemStyles__Item>
  <img
    alt="the title"
    src="dog.jpg"
  />
  <Title>
    <Link
      href={
        Object {
          "pathname": "/item",
          "query": Object {
            "id": "abc123",
          },
        }
      }
    >
      <a>
        the title
      </a>
    </Link>
  </Title>
  <PriceTag>
    $30.13
  </PriceTag>
  <p>
    this is a description
  </p>
  <div
    className="buttonList"
  >
    <Link
      href={
        Object {
          "pathname": "update",
          "query": Object {
            "id": "abc123",
          },
        }
      }
    >
      <a>
        Edit
      </a>
    </Link>
    <AddToCart
      id="abc123"
    />
    <DeleteItem
      id="abc123"
    >
      Delete This Item
    </DeleteItem>
  </div>
</ItemStyles__Item>
`;
